> Task :app:preBuild UP-TO-DATE
> Task :app:preDebugBuild UP-TO-DATE
> Task :app:mergeDebugNativeDebugMetadata NO-SOURCE
> Task :domain:checkKotlinGradlePluginConfigurationErrors SKIPPED
> Task :domain:compileKotlin UP-TO-DATE
> Task :domain:compileJava NO-SOURCE
> Task :domain:processResources NO-SOURCE
> Task :domain:classes UP-TO-DATE
> Task :domain:jar UP-TO-DATE
> Task :app:checkKotlinGradlePluginConfigurationErrors SKIPPED
> Task :data:preBuild UP-TO-DATE
> Task :data:preDebugBuild UP-TO-DATE
> Task :data:writeDebugAarMetadata UP-TO-DATE
> Task :player:preBuild UP-TO-DATE
> Task :player:preDebugBuild UP-TO-DATE
> Task :player:writeDebugAarMetadata UP-TO-DATE
> Task :app:checkDebugAarMetadata UP-TO-DATE
> Task :app:generateDebugResValues UP-TO-DATE
> Task :data:generateDebugResValues UP-TO-DATE
> Task :data:generateDebugResources UP-TO-DATE
> Task :data:packageDebugResources UP-TO-DATE
> Task :player:generateDebugResValues UP-TO-DATE
> Task :player:generateDebugResources UP-TO-DATE
> Task :player:packageDebugResources UP-TO-DATE
> Task :app:mapDebugSourceSetPaths UP-TO-DATE
> Task :app:generateDebugResources UP-TO-DATE
> Task :app:mergeDebugResources UP-TO-DATE
> Task :app:packageDebugResources UP-TO-DATE
> Task :app:parseDebugLocalResources UP-TO-DATE
> Task :app:createDebugCompatibleScreenManifests UP-TO-DATE
> Task :app:extractDeepLinksDebug UP-TO-DATE
> Task :data:extractDeepLinksDebug UP-TO-DATE
> Task :data:processDebugManifest UP-TO-DATE
> Task :player:extractDeepLinksDebug UP-TO-DATE
> Task :player:processDebugManifest UP-TO-DATE
> Task :app:processDebugMainManifest UP-TO-DATE
> Task :app:processDebugManifest UP-TO-DATE
> Task :app:processDebugManifestForPackage UP-TO-DATE
> Task :data:compileDebugLibraryResources UP-TO-DATE
> Task :data:parseDebugLocalResources UP-TO-DATE
> Task :data:generateDebugRFile UP-TO-DATE
> Task :player:compileDebugLibraryResources UP-TO-DATE
> Task :player:parseDebugLocalResources UP-TO-DATE
> Task :player:generateDebugRFile UP-TO-DATE
> Task :app:processDebugResources UP-TO-DATE
> Task :data:checkKotlinGradlePluginConfigurationErrors SKIPPED
> Task :data:javaPreCompileDebug UP-TO-DATE
> Task :player:checkKotlinGradlePluginConfigurationErrors SKIPPED
> Task :player:kspDebugKotlin UP-TO-DATE
> Task :player:compileDebugKotlin UP-TO-DATE
> Task :player:javaPreCompileDebug UP-TO-DATE
> Task :player:compileDebugJavaWithJavac UP-TO-DATE
> Task :player:transformDebugClassesWithAsm UP-TO-DATE
> Task :player:bundleLibCompileToJarDebug UP-TO-DATE
> Task :app:javaPreCompileDebug UP-TO-DATE
> Task :app:mergeDebugShaders UP-TO-DATE
> Task :app:compileDebugShaders NO-SOURCE
> Task :app:generateDebugAssets UP-TO-DATE
> Task :data:mergeDebugShaders UP-TO-DATE
> Task :data:compileDebugShaders NO-SOURCE
> Task :data:generateDebugAssets UP-TO-DATE
> Task :data:packageDebugAssets UP-TO-DATE
> Task :player:mergeDebugShaders UP-TO-DATE
> Task :player:compileDebugShaders NO-SOURCE
> Task :player:generateDebugAssets UP-TO-DATE
> Task :player:packageDebugAssets UP-TO-DATE
> Task :app:mergeDebugAssets UP-TO-DATE
> Task :app:compressDebugAssets UP-TO-DATE
> Task :player:bundleLibRuntimeToJarDebug UP-TO-DATE
> Task :app:desugarDebugFileDependencies UP-TO-DATE
> Task :player:processDebugJavaRes UP-TO-DATE
> Task :app:checkDebugDuplicateClasses UP-TO-DATE
> Task :app:mergeExtDexDebug UP-TO-DATE
> Task :player:bundleLibRuntimeToDirDebug UP-TO-DATE
> Task :app:mergeDebugJniLibFolders UP-TO-DATE
> Task :data:mergeDebugJniLibFolders UP-TO-DATE
> Task :data:mergeDebugNativeLibs NO-SOURCE
> Task :data:copyDebugJniLibsProjectOnly UP-TO-DATE
> Task :player:mergeDebugJniLibFolders UP-TO-DATE
> Task :player:mergeDebugNativeLibs NO-SOURCE
> Task :player:copyDebugJniLibsProjectOnly UP-TO-DATE
> Task :app:mergeDebugNativeLibs UP-TO-DATE
> Task :app:stripDebugDebugSymbols UP-TO-DATE
> Task :app:validateSigningDebug UP-TO-DATE
> Task :app:writeDebugAppMetadata UP-TO-DATE
> Task :app:writeDebugSigningConfigVersions UP-TO-DATE
> Task :data:stripDebugDebugSymbols NO-SOURCE
> Task :data:copyDebugJniLibsProjectAndLocalJars UP-TO-DATE
> Task :data:extractDeepLinksForAarDebug UP-TO-DATE
> Task :data:prepareDebugArtProfile UP-TO-DATE
> Task :data:prepareLintJarForPublish UP-TO-DATE
> Task :player:stripDebugDebugSymbols NO-SOURCE
> Task :player:copyDebugJniLibsProjectAndLocalJars UP-TO-DATE
> Task :player:extractDebugAnnotations UP-TO-DATE
> Task :player:extractDeepLinksForAarDebug UP-TO-DATE
> Task :player:mergeDebugGeneratedProguardFiles UP-TO-DATE
> Task :player:mergeDebugConsumerProguardFiles UP-TO-DATE
> Task :player:prepareDebugArtProfile UP-TO-DATE
> Task :player:prepareLintJarForPublish UP-TO-DATE
> Task :player:mergeDebugJavaResource UP-TO-DATE
> Task :player:syncDebugLibJars UP-TO-DATE
> Task :player:bundleDebugAar UP-TO-DATE
> Task :player:assembleDebug UP-TO-DATE

> Task :data:kspDebugKotlin FAILED
./gradlew : e: [ksp] C:/Users/david/.gemini/antigravity/s
cratch/iptv-player/data/src/main/java/com/streamvault/dat
a/local/dao/Daos.kt:205: Must have exactly 1 query in 
the value of @Query or @DatabaseView
At line:1 char:1
+ ./gradlew assembleDebug > build_output.txt 2>&1
+ ~~~~~~~~~~~~~~~~~~~~~~~~~~~~~~~~~~~~~~~~~~~~~~~
    + CategoryInfo          : NotSpecified: (e: [ksp] C: 
   /Use...r @DatabaseView:String) [], RemoteException
    + FullyQualifiedErrorId : NativeCommandError
 
e: [ksp] C:/Users/david/.gemini/antigravity/scratch/iptv-
player/data/src/main/java/com/streamvault/data/local/dao/
Daos.kt:205: There is a problem with the query: 
[SQLITE_ERROR] SQL error or missing database (near 
"MAX": syntax error)
e: [ksp] C:/Users/david/.gemini/antigravity/scratch/iptv-
player/data/src/main/java/com/streamvault/data/local/dao/
Daos.kt:205: Not sure how to convert a Cursor to this 
method's return type (java.lang.Integer).
e: [ksp] C:/Users/david/.gemini/antigravity/scratch/iptv-
player/data/src/main/java/com/streamvault/data/local/dao/
Daos.kt:205: Unused parameter: groupId
e: Error occurred in KSP, check log for detail

> Task :data:copyRoomSchemas NO-SOURCE

FAILURE: Build failed with an exception.

* What went wrong:
Execution failed for task ':data:kspDebugKotlin'.
> A failure occurred while executing org.jetbrains.kotlin
.compilerRunner.GradleCompilerRunnerWithWorkers$GradleKot
linCompilerWorkAction
   > Compilation error. See log for more details

* Try:
> Run with --stacktrace option to get the stack trace.
> Run with --info or --debug option to get more log 
output.
> Run with --scan to get full insights.
> Get more help at https://help.gradle.org.

BUILD FAILED in 10s
79 actionable tasks: 1 executed, 78 up-to-date
